// Jest Snapshot v1, https://goo.gl/fbAQLP

exports[`FormInput component renders correctly Shallow rendering 1`] = `
<View
  style={
    Object {
      "height": 50,
      "margin": 5,
      "width": "92%",
    }
  }
>
  <TextInput
    allowFontScaling={true}
    rejectResponderTermination={true}
    style={
      Object {
        "backgroundColor": "white",
        "borderColor": "#d1d7db",
        "borderWidth": 1,
        "height": 40,
        "padding": 10,
        "width": "100%",
      }
    }
    underlineColorAndroid="transparent"
  />
</View>
`;

exports[`Header component renders correctly Shallow rendering 1`] = `
<View
  style={
    Object {
      "alignItems": "center",
      "backgroundColor": "#D0FFC8",
      "elevation": 2,
      "height": 60,
      "justifyContent": "center",
      "position": "relative",
      "shadowColor": "#000",
      "shadowOffset": Object {
        "height": 2,
        "width": 0,
      },
      "shadowOpacity": 0.2,
      "width": "100%",
    }
  }
>
  <Text
    style={
      Object {
        "color": "black",
        "fontFamily": "sans-serif-condensed",
        "fontSize": 20,
      }
    }
  >
    Test
  </Text>
</View>
`;

exports[`Listing component renders correctly Shallow rendering 1`] = `
<Query
  displayName="Apollo(Listings)"
  query={
    Object {
      "definitions": Array [
        Object {
          "directives": Array [],
          "kind": "OperationDefinition",
          "name": undefined,
          "operation": "query",
          "selectionSet": Object {
            "kind": "SelectionSet",
            "selections": Array [
              Object {
                "alias": undefined,
                "arguments": Array [
                  Object {
                    "kind": "Argument",
                    "name": Object {
                      "kind": "Name",
                      "value": "orderBy",
                    },
                    "value": Object {
                      "kind": "EnumValue",
                      "value": "createdAt_DESC",
                    },
                  },
                ],
                "directives": Array [],
                "kind": "Field",
                "name": Object {
                  "kind": "Name",
                  "value": "reservations",
                },
                "selectionSet": Object {
                  "kind": "SelectionSet",
                  "selections": Array [
                    Object {
                      "alias": undefined,
                      "arguments": Array [],
                      "directives": Array [],
                      "kind": "Field",
                      "name": Object {
                        "kind": "Name",
                        "value": "id",
                      },
                      "selectionSet": undefined,
                    },
                    Object {
                      "alias": undefined,
                      "arguments": Array [],
                      "directives": Array [],
                      "kind": "Field",
                      "name": Object {
                        "kind": "Name",
                        "value": "name",
                      },
                      "selectionSet": undefined,
                    },
                    Object {
                      "alias": undefined,
                      "arguments": Array [],
                      "directives": Array [],
                      "kind": "Field",
                      "name": Object {
                        "kind": "Name",
                        "value": "hotelName",
                      },
                      "selectionSet": undefined,
                    },
                    Object {
                      "alias": undefined,
                      "arguments": Array [],
                      "directives": Array [],
                      "kind": "Field",
                      "name": Object {
                        "kind": "Name",
                        "value": "arrivalDate",
                      },
                      "selectionSet": undefined,
                    },
                    Object {
                      "alias": undefined,
                      "arguments": Array [],
                      "directives": Array [],
                      "kind": "Field",
                      "name": Object {
                        "kind": "Name",
                        "value": "departureDate",
                      },
                      "selectionSet": undefined,
                    },
                  ],
                },
              },
            ],
          },
          "variableDefinitions": Array [],
        },
      ],
      "kind": "Document",
      "loc": Object {
        "end": 139,
        "start": 0,
      },
    }
  }
  skip={false}
  warnUnhandledError={true}
>
  <Component />
</Query>
`;
