// Jest Snapshot v1, https://goo.gl/fbAQLP

exports[`Loading component renders correctly Shallow rendering 1`] = `
<View
  style={
    Object {
      "alignItems": "center",
      "flex": 1,
      "justifyContent": "center",
    }
  }
>
  <Image
    source={
      Object {
        "uri": "https://i.imgur.com/u6kVKHP.gif",
      }
    }
    style={
      Object {
        "height": 100,
        "width": 100,
      }
    }
  />
</View>
`;
